# vsim -sv_seed 1 -coverage -coveranalysis -voptargs="+acc" -assertdebug -c testbench -do "coverage save -codeAll -cvg -onexit IP_MERGE_1.ucdb; log -r /*;run -all;" -l IP_MERGE_1.log "+UVM_TESTNAME=IP_MERGE" "+UVM_VERBOSITY=UVM_HIGH" 
# Start time: 19:17:11 on Dec 11,2025
# Loading /tmp/venus@nus-fedora_dpi_61949/linux_x86_64_gcc-15/export_tramp.so
# ** Note: (vsim-8009) Loading existing optimized design _opt
# //  Questa Sim-64
# //  Version 2021.2_1 linux_x86_64 May 15 2021
# //
# //  Copyright 1991-2021 Mentor Graphics Corporation
# //  All Rights Reserved.
# //
# //  QuestaSim and its associated documentation contain trade
# //  secrets and commercial or financial information that are the property of
# //  Mentor Graphics Corporation and are privileged, confidential,
# //  and exempt from disclosure under the Freedom of Information Act,
# //  5 U.S.C. Section 552. Furthermore, this information
# //  is prohibited from disclosure under the Trade Secrets Act,
# //  18 U.S.C. Section 1905.
# //
# ** Note: (vsim-8785) UVM-aware debugging capabilities will be disabled since no compiled "questa_uvm_pkg" can be found.
# This also means that later if you turn on UVM-aware debugging your debug simulations may have
# different random seeds from your non-debug simulations.
# Loading sv_std.std
# Loading work.apb_if(fast)
# Loading work.spi_if(fast)
# Loading work.uvm_pkg(fast)
# Loading work.apb_pkg(fast)
# Loading work.spi_pkg(fast)
# Loading work.seq_pkg(fast)
# Loading work.spi_register_pkg(fast)
# Loading work.spi_regmodel_pkg(fast)
# Loading work.env_pkg(fast)
# Loading work.test_pkg(fast)
# Loading work.testbench(fast)
# Loading work.apb_if(fast__2)
# Loading work.spi_if(fast__2)
# Loading work.apb_spi_top(fast)
# Loading work.apb_bus(fast)
# Loading work.register(fast)
# Loading work.fifo(fast)
# Loading work.spi_master(fast)
# Loading work.interrupt(fast)
# ** Warning: (vsim-3764) Stand-alone call to function 'get' treated as implicit void cast.
#    Time: 0 ps  Iteration: 0  Instance: /testbench File: ./../tb/testbench.sv Line: 54
# Compiling /tmp/venus@nus-fedora_dpi_61949/linux_x86_64_gcc-15/exportwrapper.c
# Loading /tmp/venus@nus-fedora_dpi_61949/linux_x86_64_gcc-15/vsim_auto_compile.so
# coverage save -codeAll -cvg -onexit IP_MERGE_1.ucdb
#  log -r /*
# run -all
# UVM_INFO /home/venus/QuestaSim/uvm-1.2/src/base/uvm_root.svh(392) @ 0: reporter [UVM/RELNOTES] 
# ----------------------------------------------------------------
# UVM-1.2
# (C) 2007-2014 Mentor Graphics Corporation
# (C) 2007-2014 Cadence Design Systems, Inc.
# (C) 2006-2014 Synopsys, Inc.
# (C) 2011-2013 Cypress Semiconductor Corp.
# (C) 2013-2014 NVIDIA Corporation
# ----------------------------------------------------------------
# 
#   ***********       IMPORTANT RELEASE NOTES         ************
# 
#   You are using a version of the UVM library that has been compiled
#   with `UVM_NO_DEPRECATED undefined.
#   See http://www.eda.org/svdb/view.php?id=3313 for more details.
# 
#   You are using a version of the UVM library that has been compiled
#   with `UVM_OBJECT_DO_NOT_NEED_CONSTRUCTOR undefined.
#   See http://www.eda.org/svdb/view.php?id=3770 for more details.
# 
#       (Specify +UVM_NO_RELNOTES to turn off this notice)
# 
# UVM_INFO /home/venus/QuestaSim/uvm-1.2/src/base/uvm_root.svh(453) @ 0: reporter [NO_DPI_TSTNAME] UVM_NO_DPI defined--getting UVM_TESTNAME directly, without DPI
# UVM_WARNING @ 0: reporter [BDTYP] Cannot create a component of type 'IP_MERGE' because it is not registered with the factory.
# UVM_FATAL @ 0: reporter [INVTST] Requested test from command line +UVM_TESTNAME=IP_MERGE not found.
# UVM_INFO /home/venus/QuestaSim/uvm-1.2/src/base/uvm_report_server.svh(847) @ 0: reporter [UVM/REPORT/SERVER] 
# --- UVM Report Summary ---
# 
# ** Report counts by severity
# UVM_INFO :    2
# UVM_WARNING :    1
# UVM_ERROR :    0
# UVM_FATAL :    1
# ** Report counts by id
# [BDTYP]     1
# [INVTST]     1
# [NO_DPI_TSTNAME]     1
# [UVM/RELNOTES]     1
# 
# ** Note: $finish    : /home/venus/QuestaSim/uvm-1.2/src/base/uvm_root.svh(135)
#    Time: 0 ps  Iteration: 0  Instance: /testbench
# Saving coverage database on exit...
# End time: 19:17:14 on Dec 11,2025, Elapsed time: 0:00:03
# Errors: 0, Warnings: 1
