###########################################################
####               ICTC Regression Report              ####
###########################################################
Total testcase run: 86
Passed            : 86
Failed            : 0
Unknown           : 0
Used time         : 6m 39s
-----------------------------------------------------------
Run log detail:
log/APB_100MHz_test_421976.log: => Passed
log/APB_20MHz_test_989773.log: => Passed
log/APB_50MHz_test_310253.log: => Passed
log/APB_random_test_330373.log: => Passed
log/dynamic_config_test_672184.log: => Passed
log/interrupt_rx_empty_dis_test_697199.log: => Passed
log/interrupt_rx_empty_en_test_597421.log: => Passed
log/interrupt_rx_full_dis_test_460317.log: => Passed
log/interrupt_rx_full_en_test_477204.log: => Passed
log/interrupt_tx_empty_dis_test_693107.log: => Passed
log/interrupt_tx_empty_en_test_761143.log: => Passed
log/interrupt_tx_full_dis_test_565098.log: => Passed
log/interrupt_tx_full_en_test_503086.log: => Passed
log/mismatch_cpha_test_624101.log: => Passed
log/mismatch_cpol_test_508374.log: => Passed
log/mismatch_slave_test_534561.log: => Passed
log/mismatch_word_test_841602.log: => Passed
log/reg_default_test_876830.log: => Passed
log/reg_rsvd_test_907537.log: => Passed
log/reg_rw_test_133882.log: => Passed
log/spi_busy_cfg_DLR_test_394131.log: => Passed
log/spi_busy_cfg_LCR_test_983865.log: => Passed
log/spi_en_16bit_cpol0_cpha0_slave0_test_646569.log: => Passed
log/spi_en_16bit_cpol0_cpha0_slave1_test_872049.log: => Passed
log/spi_en_16bit_cpol0_cpha0_slave2_test_900166.log: => Passed
log/spi_en_16bit_cpol0_cpha0_slave3_test_152639.log: => Passed
log/spi_en_16bit_cpol0_cpha1_slave0_test_467583.log: => Passed
log/spi_en_16bit_cpol0_cpha1_slave1_test_829610.log: => Passed
log/spi_en_16bit_cpol0_cpha1_slave2_test_808051.log: => Passed
log/spi_en_16bit_cpol0_cpha1_slave3_test_833242.log: => Passed
log/spi_en_16bit_cpol1_cpha0_slave0_test_175757.log: => Passed
log/spi_en_16bit_cpol1_cpha0_slave1_test_324904.log: => Passed
log/spi_en_16bit_cpol1_cpha0_slave2_test_373587.log: => Passed
log/spi_en_16bit_cpol1_cpha0_slave3_test_952044.log: => Passed
log/spi_en_16bit_cpol1_cpha1_slave0_test_901735.log: => Passed
log/spi_en_16bit_cpol1_cpha1_slave1_test_861655.log: => Passed
log/spi_en_16bit_cpol1_cpha1_slave2_test_422804.log: => Passed
log/spi_en_16bit_cpol1_cpha1_slave3_test_268904.log: => Passed
log/spi_en_8bit_cpol0_cpha0_slave0_test_704329.log: => Passed
log/spi_en_8bit_cpol0_cpha0_slave1_test_997569.log: => Passed
log/spi_en_8bit_cpol0_cpha0_slave2_test_483208.log: => Passed
log/spi_en_8bit_cpol0_cpha0_slave3_test_962818.log: => Passed
log/spi_en_8bit_cpol0_cpha1_slave0_test_509257.log: => Passed
log/spi_en_8bit_cpol0_cpha1_slave1_test_763031.log: => Passed
log/spi_en_8bit_cpol0_cpha1_slave2_test_987748.log: => Passed
log/spi_en_8bit_cpol0_cpha1_slave3_test_463228.log: => Passed
log/spi_en_8bit_cpol1_cpha0_slave0_test_114103.log: => Passed
log/spi_en_8bit_cpol1_cpha0_slave1_test_796634.log: => Passed
log/spi_en_8bit_cpol1_cpha0_slave2_test_442979.log: => Passed
log/spi_en_8bit_cpol1_cpha0_slave3_test_492032.log: => Passed
log/spi_en_8bit_cpol1_cpha1_slave0_test_719458.log: => Passed
log/spi_en_8bit_cpol1_cpha1_slave1_test_996748.log: => Passed
log/spi_en_8bit_cpol1_cpha1_slave2_test_880442.log: => Passed
log/spi_en_8bit_cpol1_cpha1_slave3_test_494142.log: => Passed
log/spi_non_16bit_cpol0_cpha0_slave0_test_738313.log: => Passed
log/spi_non_16bit_cpol0_cpha0_slave1_test_138028.log: => Passed
log/spi_non_16bit_cpol0_cpha0_slave2_test_542880.log: => Passed
log/spi_non_16bit_cpol0_cpha0_slave3_test_716206.log: => Passed
log/spi_non_16bit_cpol0_cpha1_slave0_test_302711.log: => Passed
log/spi_non_16bit_cpol0_cpha1_slave1_test_451311.log: => Passed
log/spi_non_16bit_cpol0_cpha1_slave2_test_580027.log: => Passed
log/spi_non_16bit_cpol0_cpha1_slave3_test_615297.log: => Passed
log/spi_non_16bit_cpol1_cpha0_slave0_test_433543.log: => Passed
log/spi_non_16bit_cpol1_cpha0_slave1_test_559734.log: => Passed
log/spi_non_16bit_cpol1_cpha0_slave2_test_146321.log: => Passed
log/spi_non_16bit_cpol1_cpha0_slave3_test_673054.log: => Passed
log/spi_non_16bit_cpol1_cpha1_slave0_test_299847.log: => Passed
log/spi_non_16bit_cpol1_cpha1_slave1_test_967708.log: => Passed
log/spi_non_16bit_cpol1_cpha1_slave2_test_306362.log: => Passed
log/spi_non_16bit_cpol1_cpha1_slave3_test_618516.log: => Passed
log/spi_non_8bit_cpol0_cpha0_slave0_test_305268.log: => Passed
log/spi_non_8bit_cpol0_cpha0_slave1_test_433811.log: => Passed
log/spi_non_8bit_cpol0_cpha0_slave2_test_247396.log: => Passed
log/spi_non_8bit_cpol0_cpha0_slave3_test_381100.log: => Passed
log/spi_non_8bit_cpol0_cpha1_slave0_test_973026.log: => Passed
log/spi_non_8bit_cpol0_cpha1_slave1_test_205574.log: => Passed
log/spi_non_8bit_cpol0_cpha1_slave2_test_538283.log: => Passed
log/spi_non_8bit_cpol0_cpha1_slave3_test_276780.log: => Passed
log/spi_non_8bit_cpol1_cpha0_slave0_test_155909.log: => Passed
log/spi_non_8bit_cpol1_cpha0_slave1_test_745181.log: => Passed
log/spi_non_8bit_cpol1_cpha0_slave2_test_132414.log: => Passed
log/spi_non_8bit_cpol1_cpha0_slave3_test_708907.log: => Passed
log/spi_non_8bit_cpol1_cpha1_slave0_test_666256.log: => Passed
log/spi_non_8bit_cpol1_cpha1_slave1_test_532716.log: => Passed
log/spi_non_8bit_cpol1_cpha1_slave2_test_206196.log: => Passed
log/spi_non_8bit_cpol1_cpha1_slave3_test_477039.log: => Passed
-----------------------------------------------------------
